[36m
­ƒÜÇ ========================================[0m
[36m­ƒº¬ TEST COMPLET DEMANDES DE LOCATION[0m
[36m   CRUD + Analyse Logique[0m
[36m­ƒÜÇ ========================================
[0m
[36m
­ƒôØ 1. Connexion Admin...[0m
[32mÔ£à Admin connect├®[0m
[36m
­ƒôØ 2. Connexion Commer├ºant...[0m
[32mÔ£à Commer├ºant connect├®[0m
[36m
­ƒôØ 3. TEST CREATE - Cr├®er une demande...[0m
[34m   Boutique ID: 699d9d4af307a27db3397992[0m
[34m   Total espaces: 2[0m
[34m   Espace ID: 69a036380b5898c96aecc12e[0m
[32mÔ£à Demande cr├®├®e avec succ├¿s[0m
[34m   ID: 69a0a814b8913bc2fed64beb[0m
[34m   ├ëtat: EnAttente[0m
[36m
­ƒôØ 4. TEST READ - Mes demandes...[0m
[32mÔ£à 2 demande(s) trouv├®e(s)[0m
[36m
­ƒôØ 5. TEST READ - Demande par ID...[0m
[34m   Demande ID: 69a0a814b8913bc2fed64beb[0m
[31mÔØî Erreur: Erreur serveur lors de la r├®cup├®ration de la demande[0m
[31m   D├®tails: {"message":"Erreur serveur lors de la r├®cup├®ration de la demande"}[0m
[36m
­ƒôØ 6. TEST UPDATE - Accepter demande...[0m
[31mÔØî Erreur: Une demande est d├®j├á en attente pour cet espace[0m
[36m
­ƒôØ 7. TEST UPDATE - Refuser demande...[0m
[31mÔØî Erreur: Une demande est d├®j├á en attente pour cet espace[0m
[36m
­ƒôØ 8. TEST DELETE - Annuler demande...[0m
[31mÔØî Erreur: Une demande est d├®j├á en attente pour cet espace[0m
[36m
­ƒôØ 9. TEST CAS LIMITES...[0m
[33m   Test 1: Double demande m├¬me espace...[0m
[32m   Ô£à Bloqu├® correctement[0m
[33m   Test 2: Double acceptation...[0m
[32m   Ô£à Bloqu├® correctement[0m
[33m   Test 3: Commer├ºant accepte sa demande...[0m
[32m   Ô£à Bloqu├® correctement[0m
[35m
­ƒöì ANALYSE DE LA LOGIQUE...[0m
[36m
1. Workflow des demandes:[0m
[32m   EnAttente ÔåÆ Acceptee ÔåÆ Espace Occupee Ô£à[0m
[32m   EnAttente ÔåÆ Refusee ÔåÆ Espace reste Disponible Ô£à[0m
[36m
2. Permissions:[0m
[32m   Commer├ºant: Cr├®er, Lire ses demandes, Annuler Ô£à[0m
[32m   Admin: Lire toutes, Accepter, Refuser Ô£à[0m
[36m
3. Validations:[0m
[32m   Ô£à Espace doit ├¬tre disponible[0m
[32m   Ô£à Boutique doit appartenir au commer├ºant[0m
[32m   Ô£à Pas de double demande pour m├¬me espace[0m
[32m   Ô£à Seules demandes EnAttente peuvent ├¬tre trait├®es[0m
[36m
4. Transactions:[0m
[32m   Ô£à Acceptation utilise transactions MongoDB[0m
[32m   Ô£à Rollback en cas d'erreur[0m
[36m
5. Notifications:[0m
[32m   Ô£à Admin notifi├® ├á la cr├®ation[0m
[32m   Ô£à Commer├ºant notifi├® ├á l'acceptation/refus[0m
[32m
Ô£à Aucune anomalie d├®tect├®e[0m
[36m
­ƒÅü ========================================[0m
[36m­ƒôè R├ëSUM├ë[0m
[36m­ƒÅü ========================================[0m
[34m   Total: 9[0m
[32m   Ô£à R├®ussis: 5[0m
[31m   ÔØî ├ëchou├®s: 4[0m
[33m   ­ƒôê Taux: 55.6%[0m
[0m
[0m
